Resolving dependencies...
Downloading packages...
  _flutterfire_internals 1.3.69 (1.3.71 available)
  async 2.13.0 (2.13.1 available)
  audio_waveforms 1.3.0 (2.0.2 available)
  cli_util 0.4.2 (0.5.1 available)
  connectivity_plus 5.0.2 (7.1.1 available)
  connectivity_plus_platform_interface 1.2.4 (2.1.0 available)
  cupertino_icons 1.0.8 (1.0.9 available)
  dio_cache_interceptor 3.5.1 (4.0.6 available)
  emoji_picker_flutter 3.1.0 (4.4.0 available)
  fast_contacts 4.0.0 (5.0.1 available)
  file_picker 10.3.10 (11.0.2 available)
  file_selector_macos 0.9.4+4 (0.9.5 available)
  firebase_core 4.7.0 (4.9.0 available)
  firebase_core_platform_interface 6.0.3 (7.0.1 available)
  firebase_core_web 3.6.0 (3.7.0 available)
  firebase_messaging 16.2.0 (16.2.2 available)
  firebase_messaging_platform_interface 4.7.9 (4.7.11 available)
  firebase_messaging_web 4.1.5 (4.1.7 available)
  flutter_contacts 1.1.9+2 (2.0.2 available)
  flutter_local_notifications 19.5.0 (21.0.0 available)
  flutter_local_notifications_linux 6.0.0 (8.0.0 available)
  flutter_local_notifications_platform_interface 9.1.0 (11.0.0 available)
  flutter_local_notifications_windows 1.0.3 (3.0.0 available)
  flutter_plugin_android_lifecycle 2.0.31 (2.0.34 available)
  image_picker 1.2.1 (1.2.2 available)
  image_picker_android 0.8.13+1 (0.8.13+17 available)
  image_picker_ios 0.8.13 (0.8.13+6 available)
  image_picker_macos 0.2.2 (0.2.2+1 available)
  js 0.6.7 (0.7.2 available)
  json_annotation 4.9.0 (4.12.0 available)
  matcher 0.12.19 (0.12.20 available)
  meta 1.17.0 (1.18.2 available)
  path_provider_android 2.2.19 (2.3.1 available)
  path_provider_foundation 2.4.2 (2.6.0 available)
  photo_view 0.14.0 (0.15.0 available)
  qr 3.0.2 (4.0.0 available)
  shared_preferences 2.5.3 (2.5.5 available)
  shared_preferences_android 2.4.13 (2.4.23 available)
  shared_preferences_foundation 2.5.4 (2.5.6 available)
  shared_preferences_platform_interface 2.4.1 (2.4.2 available)
  source_span 1.10.1 (1.10.2 available)
  sqflite_common 2.5.6+1 (2.5.8 available)
  synchronized 3.4.0 (3.4.0+1 available)
  test_api 0.7.10 (0.7.12 available)
  timezone 0.10.1 (0.11.0 available)
  url_launcher_android 6.3.20 (6.3.29 available)
  url_launcher_ios 6.3.4 (6.4.1 available)
  url_launcher_macos 3.2.3 (3.2.5 available)
  url_launcher_web 2.4.1 (2.4.3 available)
  vector_math 2.2.0 (2.3.0 available)
  video_player_avfoundation 2.9.6 (2.9.7 available)
  vm_service 15.0.0 (15.2.0 available)
  win32 5.15.0 (6.2.0 available)
  xml 6.6.1 (7.0.1 available)
Got dependencies!
54 packages have newer versions incompatible with dependency constraints.
Try `flutter pub outdated` for more information.
00:00 +0: loading D:/Danish Project/whatsapp_clone/test/widget_test.dart
00:00 +0: app shows splash branding
ΓòÉΓòÉΓòí EXCEPTION CAUGHT BY WIDGETS LIBRARY Γò₧ΓòÉΓòÉΓòÉΓòÉΓòÉΓòÉΓòÉΓòÉΓòÉΓòÉΓòÉΓòÉΓòÉΓòÉΓòÉΓòÉΓòÉΓòÉΓòÉΓòÉΓòÉΓòÉΓòÉΓòÉΓòÉΓòÉΓòÉΓòÉΓòÉΓòÉΓòÉΓòÉΓòÉΓòÉΓòÉΓòÉΓòÉΓòÉΓòÉΓòÉΓòÉΓòÉΓòÉΓòÉΓòÉΓòÉΓòÉΓòÉΓòÉΓòÉΓòÉΓòÉΓòÉΓòÉΓòÉΓòÉΓòÉΓòÉΓòÉ
The following FirebaseException was thrown building _InheritedProviderScope<ChatViewModel?>(value:
<not yet loaded>):
[core/no-app] No Firebase App '[DEFAULT]' has been created - call Firebase.initializeApp()

The relevant error-causing widget was:
  _InheritedProviderScope<ChatViewModel?>
  _InheritedProviderScope:file:///C:/Users/IKRAM%20UL%20HAQ/AppData/Local/Pub/Cache/hosted/pub.dev/provider-6.1.5+1/lib/src/inherited_provider.dart:164:12

When the exception was thrown, this was the stack:
#0      MethodChannelFirebase.app (package:firebase_core_platform_interface/src/method_channel/method_channel_firebase.dart:190:5)
#1      Firebase.app (package:firebase_core/src/firebase.dart:92:41)
#2      FirebaseMessaging.instance (package:firebase_messaging/src/messaging.dart:32:47)
#3      new NotificationService._internal (package:m2m/services/notification_service.dart:23:52)
#4      NotificationService._instance (package:m2m/services/notification_service.dart:17:68)
#5      NotificationService._instance (package:m2m/services/notification_service.dart)
#6      new NotificationService (package:m2m/services/notification_service.dart:19:36)
#7      _MyAppState.initState (package:m2m/main.dart:81:5)
#8      StatefulElement._firstBuild (package:flutter/src/widgets/framework.dart:5950:55)
#9      ComponentElement.mount (package:flutter/src/widgets/framework.dart:5793:5)
...     Normal element mounting (7 frames)
#16     _InheritedProviderScopeElement.mount (package:provider/src/inherited_provider.dart:424:11)
...     Normal element mounting (7 frames)
#23     _InheritedProviderScopeElement.mount (package:provider/src/inherited_provider.dart:424:11)
...     Normal element mounting (7 frames)
#30     SingleChildWidgetElementMixin.mount (package:nested/nested.dart:222:11)
...     Normal element mounting (7 frames)
#37     _NestedHookElement.mount (package:nested/nested.dart:187:11)
...     Normal element mounting (7 frames)
#44     SingleChildWidgetElementMixin.mount (package:nested/nested.dart:222:11)
#45     Element.inflateWidget (package:flutter/src/widgets/framework.dart:4587:20)
#46     Element.updateChild (package:flutter/src/widgets/framework.dart:4053:20)
#47     ComponentElement.performRebuild (package:flutter/src/widgets/framework.dart:5841:16)
#48     Element.rebuild (package:flutter/src/widgets/framework.dart:5529:7)
#49     ProxyElement.update (package:flutter/src/widgets/framework.dart:6149:5)
#50     _InheritedNotifierElement.update (package:flutter/src/widgets/inherited_notifier.dart:108:11)
#51     Element.updateChild (package:flutter/src/widgets/framework.dart:4037:15)
#52     ComponentElement.performRebuild (package:flutter/src/widgets/framework.dart:5841:16)
#53     StatefulElement.performRebuild (package:flutter/src/widgets/framework.dart:5982:11)
#54     Element.rebuild (package:flutter/src/widgets/framework.dart:5529:7)
#55     StatefulElement.update (package:flutter/src/widgets/framework.dart:6007:5)
#56     Element.updateChild (package:flutter/src/widgets/framework.dart:4037:15)
#57     ComponentElement.performRebuild (package:flutter/src/widgets/framework.dart:5841:16)
#58     Element.rebuild (package:flutter/src/widgets/framework.dart:5529:7)
#59     ProxyElement.update (package:flutter/src/widgets/framework.dart:6149:5)
#60     _InheritedNotifierElement.update (package:flutter/src/widgets/inherited_notifier.dart:108:11)
#61     Element.updateChild (package:flutter/src/widgets/framework.dart:4037:15)
#62     ComponentElement.performRebuild (package:flutter/src/widgets/framework.dart:5841:16)
#63     StatefulElement.performRebuild (package:flutter/src/widgets/framework.dart:5982:11)
#64     Element.rebuild (package:flutter/src/widgets/framework.dart:5529:7)
#65     StatefulElement.update (package:flutter/src/widgets/framework.dart:6007:5)
#66     Element.updateChild (package:flutter/src/widgets/framework.dart:4037:15)
#67     ComponentElement.performRebuild (package:flutter/src/widgets/framework.dart:5841:16)
#68     StatefulElement.performRebuild (package:flutter/src/widgets/framework.dart:5982:11)
#69     Element.rebuild (package:flutter/src/widgets/framework.dart:5529:7)
#70     StatefulElement.update (package:flutter/src/widgets/framework.dart:6007:5)
#71     Element.updateChild (package:flutter/src/widgets/framework.dart:4037:15)
#72     ComponentElement.performRebuild (package:flutter/src/widgets/framework.dart:5841:16)
#73     Element.rebuild (package:flutter/src/widgets/framework.dart:5529:7)
#74     ProxyElement.update (package:flutter/src/widgets/framework.dart:6149:5)
#75     Element.updateChild (package:flutter/src/widgets/framework.dart:4037:15)
#76     ComponentElement.performRebuild (package:flutter/src/widgets/framework.dart:5841:16)
#77     StatefulElement.performRebuild (package:flutter/src/widgets/framework.dart:5982:11)
#78     Element.rebuild (package:flutter/src/widgets/framework.dart:5529:7)
#79     StatefulElement.update (package:flutter/src/widgets/framework.dart:6007:5)
#80     Element.updateChild (package:flutter/src/widgets/framework.dart:4037:15)
#81     ComponentElement.performRebuild (package:flutter/src/widgets/framework.dart:5841:16)
#82     Element.rebuild (package:flutter/src/widgets/framework.dart:5529:7)
#83     ProxyElement.update (package:flutter/src/widgets/framework.dart:6149:5)
#84     Element.updateChild (package:flutter/src/widgets/framework.dart:4037:15)
#85     ComponentElement.performRebuild (package:flutter/src/widgets/framework.dart:5841:16)
#86     Element.rebuild (package:flutter/src/widgets/framework.dart:5529:7)
#87     ProxyElement.update (package:flutter/src/widgets/framework.dart:6149:5)
#88     Element.updateChild (package:flutter/src/widgets/framework.dart:4037:15)
#89     _RawViewElement._updateChild (package:flutter/src/widgets/view.dart:481:16)
#90     _RawViewElement.update (package:flutter/src/widgets/view.dart:568:5)
#91     Element.updateChild (package:flutter/src/widgets/framework.dart:4037:15)
#92     ComponentElement.performRebuild (package:flutter/src/widgets/framework.dart:5841:16)
#93     Element.rebuild (package:flutter/src/widgets/framework.dart:5529:7)
#94     StatelessElement.update (package:flutter/src/widgets/framework.dart:5895:5)
#95     Element.updateChild (package:flutter/src/widgets/framework.dart:4037:15)
#96     ComponentElement.performRebuild (package:flutter/src/widgets/framework.dart:5841:16)
#97     StatefulElement.performRebuild (package:flutter/src/widgets/framework.dart:5982:11)
#98     Element.rebuild (package:flutter/src/widgets/framework.dart:5529:7)
#99     StatefulElement.update (package:flutter/src/widgets/framework.dart:6007:5)
#100    Element.updateChild (package:flutter/src/widgets/framework.dart:4037:15)
#101    RootElement._rebuild (package:flutter/src/widgets/binding.dart:1822:16)
#102    RootElement.update (package:flutter/src/widgets/binding.dart:1800:5)
#103    RootElement.performRebuild (package:flutter/src/widgets/binding.dart:1814:7)
#104    Element.rebuild (package:flutter/src/widgets/framework.dart:5529:7)
#105    BuildScope._tryRebuild (package:flutter/src/widgets/framework.dart:2750:15)
#106    BuildScope._flushDirtyElements (package:flutter/src/widgets/framework.dart:2807:11)
#107    BuildOwner.buildScope (package:flutter/src/widgets/framework.dart:3111:18)
#108    AutomatedTestWidgetsFlutterBinding.drawFrame (package:flutter_test/src/binding.dart:2131:19)
#109    RendererBinding._handlePersistentFrameCallback (package:flutter/src/rendering/binding.dart:495:5)
#110    SchedulerBinding._invokeFrameCallback (package:flutter/src/scheduler/binding.dart:1430:15)
#111    SchedulerBinding.handleDrawFrame (package:flutter/src/scheduler/binding.dart:1345:9)
#112    AutomatedTestWidgetsFlutterBinding.pump.<anonymous closure> (package:flutter_test/src/binding.dart:1960:9)
#115    TestAsyncUtils.guard (package:flutter_test/src/test_async_utils.dart:74:41)
#116    AutomatedTestWidgetsFlutterBinding.pump (package:flutter_test/src/binding.dart:1949:27)
#117    WidgetTester.pumpWidget.<anonymous closure> (package:flutter_test/src/widget_tester.dart:598:22)
#120    TestAsyncUtils.guard (package:flutter_test/src/test_async_utils.dart:74:41)
#121    WidgetTester.pumpWidget (package:flutter_test/src/widget_tester.dart:595:27)
#122    main.<anonymous closure> (file:///D:/Danish%20Project/whatsapp_clone/test/widget_test.dart:16:18)
#123    testWidgets.<anonymous closure>.<anonymous closure> (package:flutter_test/src/widget_tester.dart:192:29)
<asynchronous suspension>
#124    TestWidgetsFlutterBinding._runTestBody (package:flutter_test/src/binding.dart:1682:5)
<asynchronous suspension>
<asynchronous suspension>
(elided 5 frames from dart:async and package:stack_trace)

ΓòÉΓòÉΓòÉΓòÉΓòÉΓòÉΓòÉΓòÉΓòÉΓòÉΓòÉΓòÉΓòÉΓòÉΓòÉΓòÉΓòÉΓòÉΓòÉΓòÉΓòÉΓòÉΓòÉΓòÉΓòÉΓòÉΓòÉΓòÉΓòÉΓòÉΓòÉΓòÉΓòÉΓòÉΓòÉΓòÉΓòÉΓòÉΓòÉΓòÉΓòÉΓòÉΓòÉΓòÉΓòÉΓòÉΓòÉΓòÉΓòÉΓòÉΓòÉΓòÉΓòÉΓòÉΓòÉΓòÉΓòÉΓòÉΓòÉΓòÉΓòÉΓòÉΓòÉΓòÉΓòÉΓòÉΓòÉΓòÉΓòÉΓòÉΓòÉΓòÉΓòÉΓòÉΓòÉΓòÉΓòÉΓòÉΓòÉΓòÉΓòÉΓòÉΓòÉΓòÉΓòÉΓòÉΓòÉΓòÉΓòÉΓòÉΓòÉΓòÉΓòÉΓòÉΓòÉΓòÉΓòÉΓòÉΓòÉΓòÉ
ΓòÉΓòÉΓòí EXCEPTION CAUGHT BY FLUTTER TEST FRAMEWORK Γò₧ΓòÉΓòÉΓòÉΓòÉΓòÉΓòÉΓòÉΓòÉΓòÉΓòÉΓòÉΓòÉΓòÉΓòÉΓòÉΓòÉΓòÉΓòÉΓòÉΓòÉΓòÉΓòÉΓòÉΓòÉΓòÉΓòÉΓòÉΓòÉΓòÉΓòÉΓòÉΓòÉΓòÉΓòÉΓòÉΓòÉΓòÉΓòÉΓòÉΓòÉΓòÉΓòÉΓòÉΓòÉΓòÉΓòÉΓòÉΓòÉΓòÉΓòÉΓòÉΓòÉ
The following TestFailure was thrown running a test:
Expected: exactly 2 matching candidates
  Actual: _TextWidgetFinder:<Found 0 widgets with text "M2M": []>
   Which: means none were found but some were expected

When the exception was thrown, this was the stack:
#4      main.<anonymous closure> (file:///D:/Danish%20Project/whatsapp_clone/test/widget_test.dart:35:5)
<asynchronous suspension>
#5      testWidgets.<anonymous closure>.<anonymous closure> (package:flutter_test/src/widget_tester.dart:192:15)
<asynchronous suspension>
#6      TestWidgetsFlutterBinding._runTestBody (package:flutter_test/src/binding.dart:1682:5)
<asynchronous suspension>
<asynchronous suspension>
(elided one frame from package:stack_trace)

This was caught by the test expectation on the following line:
  file:///D:/Danish%20Project/whatsapp_clone/test/widget_test.dart line 35
The test description was:
  app shows splash branding
ΓòÉΓòÉΓòÉΓòÉΓòÉΓòÉΓòÉΓòÉΓòÉΓòÉΓòÉΓòÉΓòÉΓòÉΓòÉΓòÉΓòÉΓòÉΓòÉΓòÉΓòÉΓòÉΓòÉΓòÉΓòÉΓòÉΓòÉΓòÉΓòÉΓòÉΓòÉΓòÉΓòÉΓòÉΓòÉΓòÉΓòÉΓòÉΓòÉΓòÉΓòÉΓòÉΓòÉΓòÉΓòÉΓòÉΓòÉΓòÉΓòÉΓòÉΓòÉΓòÉΓòÉΓòÉΓòÉΓòÉΓòÉΓòÉΓòÉΓòÉΓòÉΓòÉΓòÉΓòÉΓòÉΓòÉΓòÉΓòÉΓòÉΓòÉΓòÉΓòÉΓòÉΓòÉΓòÉΓòÉΓòÉΓòÉΓòÉΓòÉΓòÉΓòÉΓòÉΓòÉΓòÉΓòÉΓòÉΓòÉΓòÉΓòÉΓòÉΓòÉΓòÉΓòÉΓòÉΓòÉΓòÉΓòÉΓòÉΓòÉ
ΓòÉΓòÉΓòí EXCEPTION CAUGHT BY FLUTTER TEST FRAMEWORK Γò₧ΓòÉΓòÉΓòÉΓòÉΓòÉΓòÉΓòÉΓòÉΓòÉΓòÉΓòÉΓòÉΓòÉΓòÉΓòÉΓòÉΓòÉΓòÉΓòÉΓòÉΓòÉΓòÉΓòÉΓòÉΓòÉΓòÉΓòÉΓòÉΓòÉΓòÉΓòÉΓòÉΓòÉΓòÉΓòÉΓòÉΓòÉΓòÉΓòÉΓòÉΓòÉΓòÉΓòÉΓòÉΓòÉΓòÉΓòÉΓòÉΓòÉΓòÉΓòÉΓòÉ
The following message was thrown:
Multiple exceptions (2) were detected during the running of the current test, and at least one was
unexpected.
ΓòÉΓòÉΓòÉΓòÉΓòÉΓòÉΓòÉΓòÉΓòÉΓòÉΓòÉΓòÉΓòÉΓòÉΓòÉΓòÉΓòÉΓòÉΓòÉΓòÉΓòÉΓòÉΓòÉΓòÉΓòÉΓòÉΓòÉΓòÉΓòÉΓòÉΓòÉΓòÉΓòÉΓòÉΓòÉΓòÉΓòÉΓòÉΓòÉΓòÉΓòÉΓòÉΓòÉΓòÉΓòÉΓòÉΓòÉΓòÉΓòÉΓòÉΓòÉΓòÉΓòÉΓòÉΓòÉΓòÉΓòÉΓòÉΓòÉΓòÉΓòÉΓòÉΓòÉΓòÉΓòÉΓòÉΓòÉΓòÉΓòÉΓòÉΓòÉΓòÉΓòÉΓòÉΓòÉΓòÉΓòÉΓòÉΓòÉΓòÉΓòÉΓòÉΓòÉΓòÉΓòÉΓòÉΓòÉΓòÉΓòÉΓòÉΓòÉΓòÉΓòÉΓòÉΓòÉΓòÉΓòÉΓòÉΓòÉΓòÉ
00:00 +0 -1: app shows splash branding [E]
  Test failed. See exception logs above.
  The test description was: app shows splash branding
  
00:00 +0 -1: Some tests failed.
